MO lcd NULL LCD.v vlg5F/lcd.bin 1492083715
MO sev_check NULL sev_check.v vlg57/sev__check.bin 1492232856
MO lcd_fpga_1 NULL "lcd_fpga_1 (DKOP's conflicted copy 2014-07-18).v" vlg68/lcd__fpga__1.bin 1492368998
MO master_control22 NULL master_in_dual_fsm.v vlg28/master__control22.bin 1492690660
MO master_control NULL master_2.v vlg5C/master__control.bin 1492159834
MO master_1 NULL master.v vlg14/master__1.bin 1492679118
